{"context":"HTTP","duration":40,"level":"\u001b[32minfo\u001b[39m","message":"POST /api/bookmarks/status 200 40ms","method":"POST","statusCode":200,"timestamp":"2026-01-31T10:07:20.735Z","traceId":"b745c976-bd1e-4f24-8d5c-8561ed1b709a","url":"/api/bookmarks/status"}
{"context":"HTTP","duration":16,"level":"\u001b[32minfo\u001b[39m","message":"POST /api/bookmarks/status 200 16ms","method":"POST","statusCode":200,"timestamp":"2026-01-31T10:07:53.326Z","traceId":"279c3f4c-0a02-4459-948f-49ac47ecc61b","url":"/api/bookmarks/status"}
{"context":"HTTP","duration":14,"level":"\u001b[32minfo\u001b[39m","message":"GET /api/collections?limit=50 304 14ms","method":"GET","statusCode":304,"timestamp":"2026-01-31T10:07:59.329Z","traceId":"7e2159b6-bee2-46de-a113-9ae8ed6e3df1","url":"/api/collections?limit=50"}
{"context":"HTTP","duration":9,"level":"\u001b[32minfo\u001b[39m","message":"POST /api/collections 422 9ms","method":"POST","statusCode":422,"timestamp":"2026-01-31T10:08:07.461Z","traceId":"02ac8927-4995-4ae7-8645-54ec42d6285a","url":"/api/collections"}
{"context":"HTTP","duration":5,"level":"\u001b[32minfo\u001b[39m","message":"GET /api/collections?limit=50 304 5ms","method":"GET","statusCode":304,"timestamp":"2026-01-31T10:08:07.483Z","traceId":"134af302-f328-4c46-bae7-ff6c4acea946","url":"/api/collections?limit=50"}
{"context":"HTTP","duration":9,"level":"\u001b[32minfo\u001b[39m","message":"POST /api/bookmarks 201 9ms","method":"POST","statusCode":201,"timestamp":"2026-01-31T10:08:10.323Z","traceId":"0267d827-0b7b-49f0-903a-eea64baaa000","url":"/api/bookmarks"}
{"context":"HTTP","duration":5,"level":"\u001b[32minfo\u001b[39m","message":"POST /api/bookmarks/status 200 5ms","method":"POST","statusCode":200,"timestamp":"2026-01-31T10:08:10.378Z","traceId":"c5ef5d93-303f-4f9a-a312-c3b3a5158db9","url":"/api/bookmarks/status"}
{"context":"HTTP","duration":8,"level":"\u001b[32minfo\u001b[39m","message":"POST /api/bookmarks/status 200 8ms","method":"POST","statusCode":200,"timestamp":"2026-01-31T10:08:22.165Z","traceId":"ee3dc55a-f6ed-4c12-b5f7-30e7518b95e1","url":"/api/bookmarks/status"}
{"context":"HTTP","duration":6,"level":"\u001b[32minfo\u001b[39m","message":"GET /api/collections?limit=50 304 6ms","method":"GET","statusCode":304,"timestamp":"2026-01-31T10:08:30.756Z","traceId":"2ea9dd69-1a1c-40dd-bff6-5041d7ee3568","url":"/api/collections?limit=50"}
{"context":"HTTP","duration":59,"level":"\u001b[32minfo\u001b[39m","message":"POST /api/bookmarks/status 200 59ms","method":"POST","statusCode":200,"timestamp":"2026-01-31T10:18:18.942Z","traceId":"e5f40650-fc1d-468b-bab3-34c9d71b8e6b","url":"/api/bookmarks/status"}
{"context":"HTTP","duration":18,"level":"\u001b[32minfo\u001b[39m","message":"GET /api/collections?limit=50 304 18ms","method":"GET","statusCode":304,"timestamp":"2026-01-31T10:18:20.074Z","traceId":"1c9497bb-1855-415d-a808-1fddbb23f6e0","url":"/api/collections?limit=50"}
{"context":"HTTP","duration":17,"level":"\u001b[32minfo\u001b[39m","message":"POST /api/collections 201 17ms","method":"POST","statusCode":201,"timestamp":"2026-01-31T10:18:24.585Z","traceId":"463acf4a-ae11-48cd-a501-480c59ce6279","url":"/api/collections"}
{"context":"HTTP","duration":9,"level":"\u001b[32minfo\u001b[39m","message":"GET /api/collections?limit=50 200 9ms","method":"GET","statusCode":200,"timestamp":"2026-01-31T10:18:24.605Z","traceId":"bddb5beb-7662-449c-b028-cc6cca6d12b8","url":"/api/collections?limit=50"}
{"context":"HTTP","duration":11,"level":"\u001b[32minfo\u001b[39m","message":"POST /api/bookmarks 201 11ms","method":"POST","statusCode":201,"timestamp":"2026-01-31T10:18:24.657Z","traceId":"3522328f-d841-4c78-95d8-9021fc556775","url":"/api/bookmarks"}
{"context":"HTTP","duration":6,"level":"\u001b[32minfo\u001b[39m","message":"POST /api/bookmarks/status 200 6ms","method":"POST","statusCode":200,"timestamp":"2026-01-31T10:18:24.715Z","traceId":"b7e66a27-dc30-46fc-9d6d-d3d6e0e7468a","url":"/api/bookmarks/status"}
{"context":"HTTP","duration":6,"level":"\u001b[32minfo\u001b[39m","message":"DELETE /api/bookmarks/697dd6f005eef882e8a637ab 200 6ms","method":"DELETE","statusCode":200,"timestamp":"2026-01-31T10:18:46.404Z","traceId":"73303a78-39d0-40ac-a2db-da3777f97d35","url":"/api/bookmarks/697dd6f005eef882e8a637ab"}
{"context":"HTTP","duration":5,"level":"\u001b[32minfo\u001b[39m","message":"POST /api/bookmarks/status 200 5ms","method":"POST","statusCode":200,"timestamp":"2026-01-31T10:18:46.465Z","traceId":"35dd4b24-f576-4110-a013-f126baf62716","url":"/api/bookmarks/status"}
{"context":"HTTP","duration":4,"level":"\u001b[32minfo\u001b[39m","message":"POST /api/bookmarks 201 4ms","method":"POST","statusCode":201,"timestamp":"2026-01-31T10:18:47.719Z","traceId":"6db0b62d-0645-40aa-99eb-1bc885bf00b7","url":"/api/bookmarks"}
{"context":"HTTP","duration":4,"level":"\u001b[32minfo\u001b[39m","message":"POST /api/bookmarks/status 200 4ms","method":"POST","statusCode":200,"timestamp":"2026-01-31T10:18:47.771Z","traceId":"b9ef2c23-8d62-4184-b55b-deafaa7a8d75","url":"/api/bookmarks/status"}
{"context":"HTTP","duration":64,"level":"\u001b[32minfo\u001b[39m","message":"POST /api/bookmarks/status 200 64ms","method":"POST","statusCode":200,"timestamp":"2026-01-31T10:26:27.824Z","traceId":"4ef21eb8-c1fc-4a3a-83f6-192283c0e345","url":"/api/bookmarks/status"}
{"context":"HTTP","duration":21,"level":"\u001b[32minfo\u001b[39m","message":"DELETE /api/bookmarks/697dd70705eef882e8a637b0 200 21ms","method":"DELETE","statusCode":200,"timestamp":"2026-01-31T10:26:29.578Z","traceId":"0df98dc7-a917-4244-abc7-43c10a6f0938","url":"/api/bookmarks/697dd70705eef882e8a637b0"}
{"context":"HTTP","duration":6,"level":"\u001b[32minfo\u001b[39m","message":"POST /api/bookmarks/status 200 6ms","method":"POST","statusCode":200,"timestamp":"2026-01-31T10:26:29.634Z","traceId":"a1ac1cab-bd74-439b-bad2-0b7ebba95106","url":"/api/bookmarks/status"}
{"context":"HTTP","duration":11,"level":"\u001b[32minfo\u001b[39m","message":"GET /api/collections?limit=50 200 11ms","method":"GET","statusCode":200,"timestamp":"2026-01-31T10:26:30.229Z","traceId":"94dc13c6-a8a5-4486-81fd-366919ff4a77","url":"/api/collections?limit=50"}
{"context":"HTTP","duration":73,"level":"\u001b[32minfo\u001b[39m","message":"POST /api/bookmarks/status 200 73ms","method":"POST","statusCode":200,"timestamp":"2026-01-31T13:16:18.397Z","traceId":"a0d549c1-df9d-4a0f-8cdf-8d7be45b5f11","url":"/api/bookmarks/status"}
{"context":"HTTP","duration":7,"level":"\u001b[32minfo\u001b[39m","message":"POST /api/bookmarks/status 200 7ms","method":"POST","statusCode":200,"timestamp":"2026-01-31T13:19:45.982Z","traceId":"3d05a96c-ec45-433b-b0fc-f77f1f35f603","url":"/api/bookmarks/status"}
{"context":"HTTP","duration":5,"level":"\u001b[32minfo\u001b[39m","message":"POST /api/bookmarks/status 200 5ms","method":"POST","statusCode":200,"timestamp":"2026-01-31T13:20:24.148Z","traceId":"d7eaef5a-4600-4987-b9dc-e527e29a2179","url":"/api/bookmarks/status"}
{"context":"HTTP","duration":7,"level":"\u001b[32minfo\u001b[39m","message":"POST /api/bookmarks/status 200 7ms","method":"POST","statusCode":200,"timestamp":"2026-01-31T13:21:45.383Z","traceId":"110106b3-6636-4c5e-be4c-da5b13dec2ba","url":"/api/bookmarks/status"}
{"context":"HTTP","duration":12,"level":"\u001b[32minfo\u001b[39m","message":"POST /api/bookmarks/status 200 12ms","method":"POST","statusCode":200,"timestamp":"2026-01-31T13:21:51.091Z","traceId":"cdc5c86b-d22a-4912-b5d0-68db50eb6f2b","url":"/api/bookmarks/status"}
{"context":"HTTP","duration":6,"level":"\u001b[32minfo\u001b[39m","message":"POST /api/bookmarks/status 200 6ms","method":"POST","statusCode":200,"timestamp":"2026-01-31T13:21:57.803Z","traceId":"655d26fe-e104-4b99-87a0-597d2c195274","url":"/api/bookmarks/status"}
{"context":"HTTP","duration":13,"level":"\u001b[32minfo\u001b[39m","message":"POST /api/bookmarks/status 200 13ms","method":"POST","statusCode":200,"timestamp":"2026-01-31T13:22:37.748Z","traceId":"0e7b1d64-1bcb-49f1-bdc5-69477f5cfc72","url":"/api/bookmarks/status"}
{"context":"HTTP","duration":9,"level":"\u001b[32minfo\u001b[39m","message":"POST /api/bookmarks/status 200 9ms","method":"POST","statusCode":200,"timestamp":"2026-01-31T13:23:01.379Z","traceId":"a1f9e033-75c1-4fce-9560-f2ccd63ec558","url":"/api/bookmarks/status"}
{"context":"HTTP","duration":15,"level":"\u001b[32minfo\u001b[39m","message":"POST /api/bookmarks/status 200 15ms","method":"POST","statusCode":200,"timestamp":"2026-01-31T13:25:28.102Z","traceId":"177d6d4e-55d1-4a89-bb90-034c543b6604","url":"/api/bookmarks/status"}
{"context":"HTTP","duration":12,"level":"\u001b[32minfo\u001b[39m","message":"POST /api/bookmarks/status 200 12ms","method":"POST","statusCode":200,"timestamp":"2026-01-31T13:25:32.860Z","traceId":"2cc149db-0f94-49e5-a24e-99508f4e3846","url":"/api/bookmarks/status"}
{"context":"HTTP","duration":4,"level":"\u001b[32minfo\u001b[39m","message":"POST /api/bookmarks/status 200 4ms","method":"POST","statusCode":200,"timestamp":"2026-01-31T13:25:58.975Z","traceId":"4684a858-2902-49e0-86b7-c07b078928b0","url":"/api/bookmarks/status"}
{"context":"HTTP","duration":3,"level":"\u001b[32minfo\u001b[39m","message":"POST /api/bookmarks/status 200 3ms","method":"POST","statusCode":200,"timestamp":"2026-01-31T13:26:06.591Z","traceId":"adfd4ef5-3247-49d9-97a0-489f97608eec","url":"/api/bookmarks/status"}
