{"context":"HTTP","duration":80,"level":"\u001b[32minfo\u001b[39m","message":"GET /api/collections?limit=50 200 80ms","method":"GET","statusCode":200,"timestamp":"2026-01-28T11:33:01.997Z","traceId":"f5d0860b-b0e9-480f-9574-96e560881655","url":"/api/collections?limit=50"}
{"context":"HTTP","duration":33,"level":"\u001b[32minfo\u001b[39m","message":"POST /api/bookmarks 201 33ms","method":"POST","statusCode":201,"timestamp":"2026-01-28T11:33:14.473Z","traceId":"d54884c6-54c0-425a-afba-137b9a30b95e","url":"/api/bookmarks"}
{"context":"HTTP","duration":15,"level":"\u001b[32minfo\u001b[39m","message":"POST /api/bookmarks 409 15ms","method":"POST","statusCode":409,"timestamp":"2026-01-28T11:33:14.490Z","traceId":"6fa88636-532d-4144-90c0-fb3d161f95cc","url":"/api/bookmarks"}
{"context":"HTTP","duration":7,"level":"\u001b[32minfo\u001b[39m","message":"POST /api/bookmarks 409 7ms","method":"POST","statusCode":409,"timestamp":"2026-01-28T11:35:34.587Z","traceId":"e0e9b57f-c993-42a4-b74e-302ed7291668","url":"/api/bookmarks"}
{"context":"HTTP","duration":4,"level":"\u001b[32minfo\u001b[39m","message":"POST /api/collections 422 4ms","method":"POST","statusCode":422,"timestamp":"2026-01-28T11:36:47.015Z","traceId":"f0eaaac8-af62-4006-b0ef-679f39fb86aa","url":"/api/collections"}
{"context":"HTTP","duration":4,"level":"\u001b[32minfo\u001b[39m","message":"GET /api/collections?limit=50 304 4ms","method":"GET","statusCode":304,"timestamp":"2026-01-28T11:36:47.041Z","traceId":"2a6b1e99-3eb1-4983-a1c1-17e091e63d68","url":"/api/collections?limit=50"}
{"context":"HTTP","duration":17,"level":"\u001b[32minfo\u001b[39m","message":"POST /api/collections 422 17ms","method":"POST","statusCode":422,"timestamp":"2026-01-28T11:40:09.970Z","traceId":"3ddb9b61-44e5-44be-9bfd-880e0040e808","url":"/api/collections"}
{"context":"HTTP","duration":22,"level":"\u001b[32minfo\u001b[39m","message":"GET /api/collections?limit=50 304 22ms","method":"GET","statusCode":304,"timestamp":"2026-01-28T11:40:10.010Z","traceId":"8cc75d9f-6ab4-49b1-8fea-3810ff26e017","url":"/api/collections?limit=50"}
{"context":"HTTP","duration":9,"level":"\u001b[32minfo\u001b[39m","message":"GET /api/collections?limit=50 304 9ms","method":"GET","statusCode":304,"timestamp":"2026-01-28T11:40:31.010Z","traceId":"2f5c3eac-68a8-42a3-b64e-597bef1de962","url":"/api/collections?limit=50"}
{"context":"HTTP","duration":54,"level":"\u001b[32minfo\u001b[39m","message":"GET /api/collections?limit=50 304 54ms","method":"GET","statusCode":304,"timestamp":"2026-01-28T12:57:05.903Z","traceId":"a8152f51-fc50-4e81-8d0b-66711f03386f","url":"/api/collections?limit=50"}
{"context":"HTTP","duration":21,"level":"\u001b[32minfo\u001b[39m","message":"POST /api/bookmarks 409 21ms","method":"POST","statusCode":409,"timestamp":"2026-01-28T12:57:27.546Z","traceId":"7b7f5835-6d79-4bc9-9a08-59d226f79d85","url":"/api/bookmarks"}
{"context":"HTTP","duration":4,"level":"\u001b[32minfo\u001b[39m","message":"GET / 200 4ms","method":"GET","statusCode":200,"timestamp":"2026-01-28T13:03:24.932Z","traceId":"73109ece-1e98-44fe-8a29-61cea59394db","url":"/"}
{"context":"HTTP","duration":17,"level":"\u001b[32minfo\u001b[39m","message":"GET /api/collections?limit=50 200 17ms","method":"GET","statusCode":200,"timestamp":"2026-01-28T13:04:19.174Z","traceId":"f5a664a2-5254-4635-a6f5-63bbb093929c","url":"/api/collections?limit=50"}
{"context":"HTTP","duration":69,"level":"\u001b[32minfo\u001b[39m","message":"GET /api/bookmarks?page=1&limit=30&query= 200 69ms","method":"GET","statusCode":200,"timestamp":"2026-01-28T13:10:08.610Z","traceId":"a6003316-f28a-44d4-af06-d4600c591766","url":"/api/bookmarks?page=1&limit=30&query="}
{"context":"HTTP","duration":14,"level":"\u001b[32minfo\u001b[39m","message":"GET /api/bookmarks?page=1&limit=30&query= 200 14ms","method":"GET","statusCode":200,"timestamp":"2026-01-28T13:11:56.263Z","traceId":"a6aea35b-4c9d-4f2d-bc61-f9dd1e15e5fd","url":"/api/bookmarks?page=1&limit=30&query="}
{"context":"HTTP","duration":5,"level":"\u001b[32minfo\u001b[39m","message":"GET /api/bookmarks?page=1&limit=30&query= 200 5ms","method":"GET","statusCode":200,"timestamp":"2026-01-28T13:11:57.476Z","traceId":"da645e1d-01f7-489a-9cda-c62e4999d051","url":"/api/bookmarks?page=1&limit=30&query="}
{"context":"HTTP","duration":67,"level":"\u001b[32minfo\u001b[39m","message":"POST /api/bookmarks 201 67ms","method":"POST","statusCode":201,"timestamp":"2026-01-28T13:14:04.018Z","traceId":"921f8999-8d18-49d6-8655-c9d3ed66f61f","url":"/api/bookmarks"}
{"context":"HTTP","duration":6,"level":"\u001b[32minfo\u001b[39m","message":"GET /api/bookmarks?page=1&limit=30&query= 200 6ms","method":"GET","statusCode":200,"timestamp":"2026-01-28T13:14:10.663Z","traceId":"1aeae86d-8542-4e82-af24-63a18aaa1084","url":"/api/bookmarks?page=1&limit=30&query="}
{"context":"HTTP","duration":20,"level":"\u001b[32minfo\u001b[39m","message":"POST /api/bookmarks/status 401 20ms","method":"POST","statusCode":401,"timestamp":"2026-01-28T13:40:59.830Z","traceId":"6d6d2d6f-38d1-4a4d-89d2-3e173aa8f8b9","url":"/api/bookmarks/status"}
{"context":"HTTP","duration":2,"level":"\u001b[32minfo\u001b[39m","message":"POST /api/bookmarks/status 401 2ms","method":"POST","statusCode":401,"timestamp":"2026-01-28T13:40:59.839Z","traceId":"c6f562da-6ee7-4ba7-8480-0fa1257c30d3","url":"/api/bookmarks/status"}
{"context":"HTTP","duration":56,"level":"\u001b[32minfo\u001b[39m","message":"GET /api/collections?limit=50 200 56ms","method":"GET","statusCode":200,"timestamp":"2026-01-28T13:41:00.598Z","traceId":"3d075161-2d82-4dec-81a6-67a74d730aff","url":"/api/collections?limit=50"}
{"context":"HTTP","duration":1,"level":"\u001b[32minfo\u001b[39m","message":"POST /api/bookmarks/status 401 1ms","method":"POST","statusCode":401,"timestamp":"2026-01-28T13:41:21.819Z","traceId":"9cdd1906-ac39-4bb1-8c69-5b146328549a","url":"/api/bookmarks/status"}
{"context":"HTTP","duration":1,"level":"\u001b[32minfo\u001b[39m","message":"POST /api/bookmarks/status 401 1ms","method":"POST","statusCode":401,"timestamp":"2026-01-28T13:41:33.747Z","traceId":"382ef0a8-84f4-40e2-b731-f505696a65e8","url":"/api/bookmarks/status"}
{"context":"HTTP","duration":1,"level":"\u001b[32minfo\u001b[39m","message":"POST /api/bookmarks/status 401 1ms","method":"POST","statusCode":401,"timestamp":"2026-01-28T13:41:45.836Z","traceId":"ec5d71bd-129f-4b8f-a9af-84fef17626a2","url":"/api/bookmarks/status"}
{"context":"HTTP","duration":26,"level":"\u001b[32minfo\u001b[39m","message":"POST /api/bookmarks/status 200 26ms","method":"POST","statusCode":200,"timestamp":"2026-01-28T13:44:11.921Z","traceId":"08668962-152e-47e6-ab7a-c721b49a4eda","url":"/api/bookmarks/status"}
{"context":"HTTP","duration":7,"level":"\u001b[32minfo\u001b[39m","message":"GET /api/collections?limit=50 304 7ms","method":"GET","statusCode":304,"timestamp":"2026-01-28T13:44:12.179Z","traceId":"d856d648-d03c-47e3-afff-38733c5d8608","url":"/api/collections?limit=50"}
{"context":"HTTP","duration":9,"level":"\u001b[32minfo\u001b[39m","message":"GET /api/collections?limit=50 304 9ms","method":"GET","statusCode":304,"timestamp":"2026-01-28T13:44:32.922Z","traceId":"549a3294-f904-48e4-b69c-bde8b521cd1a","url":"/api/collections?limit=50"}
{"context":"HTTP","duration":13,"level":"\u001b[32minfo\u001b[39m","message":"GET /api/collections?limit=50 304 13ms","method":"GET","statusCode":304,"timestamp":"2026-01-28T13:44:51.310Z","traceId":"e8d6fa74-95e8-493a-a551-5f3cb9094dd6","url":"/api/collections?limit=50"}
{"context":"HTTP","duration":5,"level":"\u001b[32minfo\u001b[39m","message":"POST /api/bookmarks/status 200 5ms","method":"POST","statusCode":200,"timestamp":"2026-01-28T13:45:23.275Z","traceId":"b9cfa27d-2327-478f-b65a-9e926f03b122","url":"/api/bookmarks/status"}
{"context":"HTTP","duration":10,"level":"\u001b[32minfo\u001b[39m","message":"GET /api/collections?limit=50 304 10ms","method":"GET","statusCode":304,"timestamp":"2026-01-28T13:45:23.363Z","traceId":"62816a43-3d54-412f-8598-297970fbb3cf","url":"/api/collections?limit=50"}
{"context":"HTTP","duration":8,"level":"\u001b[32minfo\u001b[39m","message":"GET /api/collections?limit=50 304 8ms","method":"GET","statusCode":304,"timestamp":"2026-01-28T13:47:24.655Z","traceId":"77a86d87-c3c4-4ba7-862b-4791a29732d6","url":"/api/collections?limit=50"}
{"context":"HTTP","duration":8,"level":"\u001b[32minfo\u001b[39m","message":"POST /api/bookmarks/status 200 8ms","method":"POST","statusCode":200,"timestamp":"2026-01-28T13:47:57.662Z","traceId":"97a9f7f8-e42a-4d05-9532-131735bf9826","url":"/api/bookmarks/status"}
{"context":"HTTP","duration":10,"level":"\u001b[32minfo\u001b[39m","message":"GET /api/collections?limit=50 304 10ms","method":"GET","statusCode":304,"timestamp":"2026-01-28T13:47:57.908Z","traceId":"888153cd-0448-41f2-8f37-d045bdd4bd62","url":"/api/collections?limit=50"}
{"context":"HTTP","duration":18,"level":"\u001b[32minfo\u001b[39m","message":"GET /api/collections?limit=50 304 18ms","method":"GET","statusCode":304,"timestamp":"2026-01-28T13:48:21.076Z","traceId":"4576436d-a92f-46bf-8bd8-8ea85d401cfb","url":"/api/collections?limit=50"}
{"context":"HTTP","duration":7,"level":"\u001b[32minfo\u001b[39m","message":"POST /api/bookmarks/status 200 7ms","method":"POST","statusCode":200,"timestamp":"2026-01-28T13:49:38.760Z","traceId":"f2aa46e2-ddd0-4903-ae5a-5fce6e1ad4ed","url":"/api/bookmarks/status"}
{"context":"HTTP","duration":10,"level":"\u001b[32minfo\u001b[39m","message":"POST /api/bookmarks/status 200 10ms","method":"POST","statusCode":200,"timestamp":"2026-01-28T13:49:38.800Z","traceId":"01757095-23b6-42f9-9828-b7f1d0dd32f7","url":"/api/bookmarks/status"}
{"context":"HTTP","duration":8,"level":"\u001b[32minfo\u001b[39m","message":"POST /api/bookmarks/status 200 8ms","method":"POST","statusCode":200,"timestamp":"2026-01-28T13:50:30.615Z","traceId":"aaa2df92-0ece-4ac6-a1bb-a9065575922c","url":"/api/bookmarks/status"}
{"context":"HTTP","duration":10,"level":"\u001b[32minfo\u001b[39m","message":"POST /api/bookmarks/status 200 10ms","method":"POST","statusCode":200,"timestamp":"2026-01-28T13:50:30.618Z","traceId":"ccdb1957-3d21-495a-8aa2-97233470a410","url":"/api/bookmarks/status"}
{"context":"HTTP","duration":7,"level":"\u001b[32minfo\u001b[39m","message":"GET /api/collections?limit=50 304 7ms","method":"GET","statusCode":304,"timestamp":"2026-01-28T13:50:30.851Z","traceId":"d8de78e2-bc9d-4c4f-97f7-5b5e815238ae","url":"/api/collections?limit=50"}
{"context":"HTTP","duration":13,"level":"\u001b[32minfo\u001b[39m","message":"POST /api/bookmarks/status 200 13ms","method":"POST","statusCode":200,"timestamp":"2026-01-28T13:50:40.433Z","traceId":"a7f46371-c591-44e6-ad05-97fac736ba8f","url":"/api/bookmarks/status"}
{"context":"HTTP","duration":19,"level":"\u001b[32minfo\u001b[39m","message":"POST /api/bookmarks/status 200 19ms","method":"POST","statusCode":200,"timestamp":"2026-01-28T13:50:40.440Z","traceId":"54e8286b-6474-4276-9fab-9bd67abc444e","url":"/api/bookmarks/status"}
{"context":"HTTP","duration":8,"level":"\u001b[32minfo\u001b[39m","message":"GET /api/collections?limit=50 304 8ms","method":"GET","statusCode":304,"timestamp":"2026-01-28T13:50:40.655Z","traceId":"22c6c7c3-ea12-47a1-bc3c-9d19b2746bdf","url":"/api/collections?limit=50"}
{"context":"HTTP","duration":11,"level":"\u001b[32minfo\u001b[39m","message":"POST /api/bookmarks/status 200 11ms","method":"POST","statusCode":200,"timestamp":"2026-01-28T13:55:37.671Z","traceId":"f5cd7f39-ede2-4ff5-a599-f931f433c958","url":"/api/bookmarks/status"}
{"context":"HTTP","duration":11,"level":"\u001b[32minfo\u001b[39m","message":"POST /api/bookmarks/status 200 11ms","method":"POST","statusCode":200,"timestamp":"2026-01-28T13:55:37.689Z","traceId":"8e2fbf95-58b0-4b33-94fe-76ef9f3d6e58","url":"/api/bookmarks/status"}
{"context":"HTTP","duration":16,"level":"\u001b[32minfo\u001b[39m","message":"GET /api/collections?limit=50 304 16ms","method":"GET","statusCode":304,"timestamp":"2026-01-28T13:55:37.860Z","traceId":"16885e38-a000-40b5-9edf-78b843e8da3e","url":"/api/collections?limit=50"}
{"context":"HTTP","duration":24,"level":"\u001b[32minfo\u001b[39m","message":"DELETE /api/bookmarks/697a07ceef00da28a2573c89 200 24ms","method":"DELETE","statusCode":200,"timestamp":"2026-01-28T13:55:39.313Z","traceId":"854ae785-1a44-4f5c-b4fd-fafe06dd693b","url":"/api/bookmarks/697a07ceef00da28a2573c89"}
{"context":"HTTP","duration":7,"level":"\u001b[32minfo\u001b[39m","message":"POST /api/bookmarks/status 200 7ms","method":"POST","statusCode":200,"timestamp":"2026-01-28T13:55:42.247Z","traceId":"de613de4-bad1-4218-ada7-cac32cd317ab","url":"/api/bookmarks/status"}
{"context":"HTTP","duration":10,"level":"\u001b[32minfo\u001b[39m","message":"POST /api/bookmarks/status 200 10ms","method":"POST","statusCode":200,"timestamp":"2026-01-28T13:55:42.268Z","traceId":"6246baf3-aca3-4714-894d-0daa424dae50","url":"/api/bookmarks/status"}
{"context":"HTTP","duration":12,"level":"\u001b[32minfo\u001b[39m","message":"GET /api/collections?limit=50 304 12ms","method":"GET","statusCode":304,"timestamp":"2026-01-28T13:55:42.396Z","traceId":"186d7fec-b0f9-4860-b11f-4bdaa64fb1a0","url":"/api/collections?limit=50"}
{"context":"HTTP","duration":39,"level":"\u001b[32minfo\u001b[39m","message":"POST /api/bookmarks/status 200 39ms","method":"POST","statusCode":200,"timestamp":"2026-01-28T13:59:56.549Z","traceId":"92a64649-dd64-4c46-90f6-deeb502caabd","url":"/api/bookmarks/status"}
{"context":"HTTP","duration":40,"level":"\u001b[32minfo\u001b[39m","message":"POST /api/bookmarks/status 200 40ms","method":"POST","statusCode":200,"timestamp":"2026-01-28T13:59:56.554Z","traceId":"c4f7c491-bacd-4e54-b165-db3729b1f3d5","url":"/api/bookmarks/status"}
{"context":"HTTP","duration":17,"level":"\u001b[32minfo\u001b[39m","message":"GET /api/collections?limit=50 304 17ms","method":"GET","statusCode":304,"timestamp":"2026-01-28T13:59:56.847Z","traceId":"5b97106d-f679-4ad5-b306-358be800f0e5","url":"/api/collections?limit=50"}
{"context":"HTTP","duration":8,"level":"\u001b[32minfo\u001b[39m","message":"POST /api/bookmarks/status 200 8ms","method":"POST","statusCode":200,"timestamp":"2026-01-28T14:01:41.716Z","traceId":"4dd315a1-0c12-4368-ab95-5416b32d02b2","url":"/api/bookmarks/status"}
{"context":"HTTP","duration":8,"level":"\u001b[32minfo\u001b[39m","message":"POST /api/bookmarks/status 200 8ms","method":"POST","statusCode":200,"timestamp":"2026-01-28T14:01:41.728Z","traceId":"b7e16bb5-15ec-4276-8105-3a308e50a541","url":"/api/bookmarks/status"}
{"context":"HTTP","duration":11,"level":"\u001b[32minfo\u001b[39m","message":"GET /api/collections?limit=50 304 11ms","method":"GET","statusCode":304,"timestamp":"2026-01-28T14:05:01.128Z","traceId":"8e40a372-34f3-4e21-8ab4-49b2de2a6827","url":"/api/collections?limit=50"}
{"context":"HTTP","duration":14,"level":"\u001b[32minfo\u001b[39m","message":"POST /api/bookmarks/status 200 14ms","method":"POST","statusCode":200,"timestamp":"2026-01-28T14:05:01.179Z","traceId":"11d35ff8-9d4d-4fea-9cf6-72f8052a5d84","url":"/api/bookmarks/status"}
{"context":"HTTP","duration":13,"level":"\u001b[32minfo\u001b[39m","message":"POST /api/bookmarks/status 200 13ms","method":"POST","statusCode":200,"timestamp":"2026-01-28T14:05:01.196Z","traceId":"5a7435a4-9c90-416b-b120-97226de58155","url":"/api/bookmarks/status"}
{"context":"HTTP","duration":6,"level":"\u001b[32minfo\u001b[39m","message":"POST /api/bookmarks/status 200 6ms","method":"POST","statusCode":200,"timestamp":"2026-01-28T14:06:11.660Z","traceId":"ad2e89bc-f1db-421c-8315-64ef79aa8129","url":"/api/bookmarks/status"}
{"context":"HTTP","duration":18,"level":"\u001b[32minfo\u001b[39m","message":"POST /api/bookmarks 201 18ms","method":"POST","statusCode":201,"timestamp":"2026-01-28T14:06:18.346Z","traceId":"7dfac6ae-b214-4bae-a8f9-fb5190991cb4","url":"/api/bookmarks"}
{"context":"HTTP","duration":14,"level":"\u001b[32minfo\u001b[39m","message":"POST /api/bookmarks/status 200 14ms","method":"POST","statusCode":200,"timestamp":"2026-01-28T14:06:18.429Z","traceId":"a0f86972-08c7-4712-9ea1-4368624dc27a","url":"/api/bookmarks/status"}
{"context":"HTTP","duration":15,"level":"\u001b[32minfo\u001b[39m","message":"POST /api/bookmarks/status 200 15ms","method":"POST","statusCode":200,"timestamp":"2026-01-28T14:06:18.434Z","traceId":"7713a64b-bb22-41d7-a867-f1a00c7e1ac2","url":"/api/bookmarks/status"}
{"context":"HTTP","duration":9,"level":"\u001b[32minfo\u001b[39m","message":"POST /api/bookmarks/status 200 9ms","method":"POST","statusCode":200,"timestamp":"2026-01-28T14:06:20.326Z","traceId":"2eef73d4-dc4e-4ee8-81e9-5e9fa3ea6d1f","url":"/api/bookmarks/status"}
{"context":"HTTP","duration":7,"level":"\u001b[32minfo\u001b[39m","message":"GET /api/collections?limit=50 304 7ms","method":"GET","statusCode":304,"timestamp":"2026-01-28T14:06:52.734Z","traceId":"906a49dd-26e7-43b9-91ab-542f11ec092c","url":"/api/collections?limit=50"}
{"context":"HTTP","duration":10,"level":"\u001b[32minfo\u001b[39m","message":"POST /api/bookmarks/status 200 10ms","method":"POST","statusCode":200,"timestamp":"2026-01-28T14:06:52.780Z","traceId":"c8a960c4-0c5d-4853-baae-76e2fb830a4a","url":"/api/bookmarks/status"}
{"context":"HTTP","duration":18,"level":"\u001b[32minfo\u001b[39m","message":"POST /api/bookmarks/status 200 18ms","method":"POST","statusCode":200,"timestamp":"2026-01-28T14:06:52.790Z","traceId":"fef8c6d7-f562-42f6-b9d3-36dcd1098efe","url":"/api/bookmarks/status"}
{"context":"HTTP","duration":6,"level":"\u001b[32minfo\u001b[39m","message":"POST /api/bookmarks/status 200 6ms","method":"POST","statusCode":200,"timestamp":"2026-01-28T14:06:53.430Z","traceId":"01c2b486-c7c7-4001-ae4c-b5f4a4ff835b","url":"/api/bookmarks/status"}
{"context":"HTTP","duration":10,"level":"\u001b[32minfo\u001b[39m","message":"POST /api/bookmarks/status 200 10ms","method":"POST","statusCode":200,"timestamp":"2026-01-28T14:06:53.435Z","traceId":"315d7e28-a3e7-4cb0-a1c2-6731400dfc89","url":"/api/bookmarks/status"}
{"context":"HTTP","duration":78,"level":"\u001b[32minfo\u001b[39m","message":"POST /api/bookmarks/status 200 78ms","method":"POST","statusCode":200,"timestamp":"2026-01-28T14:09:57.090Z","traceId":"13265cd6-2613-4402-a426-499115dedf68","url":"/api/bookmarks/status"}
{"context":"HTTP","duration":10,"level":"\u001b[32minfo\u001b[39m","message":"GET /api/collections?limit=50 304 10ms","method":"GET","statusCode":304,"timestamp":"2026-01-28T14:09:57.113Z","traceId":"4f22e05c-2b8f-4210-89a2-1edd623eeb4b","url":"/api/collections?limit=50"}
{"context":"HTTP","duration":5,"level":"\u001b[32minfo\u001b[39m","message":"POST /api/bookmarks/status 200 5ms","method":"POST","statusCode":200,"timestamp":"2026-01-28T14:09:57.119Z","traceId":"eb59c8f0-d892-4297-b8b5-97882f2cc38e","url":"/api/bookmarks/status"}
{"context":"HTTP","duration":8,"level":"\u001b[32minfo\u001b[39m","message":"GET /api/bookmarks?page=1&limit=10&query= 200 8ms","method":"GET","statusCode":200,"timestamp":"2026-01-28T14:14:22.304Z","traceId":"c3c488ce-753f-49c2-a849-e9e0f5ae4a46","url":"/api/bookmarks?page=1&limit=10&query="}
{"context":"HTTP","duration":12,"level":"\u001b[32minfo\u001b[39m","message":"POST /api/bookmarks/status 200 12ms","method":"POST","statusCode":200,"timestamp":"2026-01-28T14:15:16.947Z","traceId":"19e0158b-4199-4021-a0ff-e01bdb01c790","url":"/api/bookmarks/status"}
{"context":"HTTP","duration":16,"level":"\u001b[32minfo\u001b[39m","message":"POST /api/bookmarks/status 200 16ms","method":"POST","statusCode":200,"timestamp":"2026-01-28T14:15:16.953Z","traceId":"ec7f06fe-d736-44ed-9ec4-2ec1640d6d04","url":"/api/bookmarks/status"}
{"context":"HTTP","duration":75,"level":"\u001b[32minfo\u001b[39m","message":"POST /api/bookmarks/status 200 75ms","method":"POST","statusCode":200,"timestamp":"2026-01-28T14:24:38.431Z","traceId":"3b7ede04-d204-40ab-894f-f38ef6dd9747","url":"/api/bookmarks/status"}
{"context":"HTTP","duration":74,"level":"\u001b[32minfo\u001b[39m","message":"POST /api/bookmarks/status 200 74ms","method":"POST","statusCode":200,"timestamp":"2026-01-28T14:24:38.436Z","traceId":"44a144bf-a869-4e88-bcef-c1fedb905484","url":"/api/bookmarks/status"}
{"context":"HTTP","duration":12,"level":"\u001b[32minfo\u001b[39m","message":"GET /api/collections?limit=50 304 12ms","method":"GET","statusCode":304,"timestamp":"2026-01-28T14:27:12.547Z","traceId":"9ff60820-e972-44ee-971a-6ff72cc8cc77","url":"/api/collections?limit=50"}
{"context":"HTTP","duration":13,"level":"\u001b[32minfo\u001b[39m","message":"POST /api/bookmarks/status 200 13ms","method":"POST","statusCode":200,"timestamp":"2026-01-28T14:28:45.817Z","traceId":"da2e66df-0a42-4c24-bddc-36db8b78a96a","url":"/api/bookmarks/status"}
{"context":"HTTP","duration":6,"level":"\u001b[32minfo\u001b[39m","message":"POST /api/bookmarks/status 200 6ms","method":"POST","statusCode":200,"timestamp":"2026-01-28T14:28:45.885Z","traceId":"18418b56-2a2a-441a-94f0-95b11e31c5de","url":"/api/bookmarks/status"}
{"context":"HTTP","duration":11,"level":"\u001b[32minfo\u001b[39m","message":"POST /api/bookmarks/status 200 11ms","method":"POST","statusCode":200,"timestamp":"2026-01-28T14:28:53.490Z","traceId":"796ea58b-9006-446a-9d79-245048556726","url":"/api/bookmarks/status"}
{"context":"HTTP","duration":55,"level":"\u001b[32minfo\u001b[39m","message":"POST /api/bookmarks/status 200 55ms","method":"POST","statusCode":200,"timestamp":"2026-01-28T14:30:25.839Z","traceId":"9d75f1f3-9c79-40ff-ba4e-f3075095498e","url":"/api/bookmarks/status"}
{"context":"HTTP","duration":26,"level":"\u001b[32minfo\u001b[39m","message":"POST /api/bookmarks/status 200 26ms","method":"POST","statusCode":200,"timestamp":"2026-01-28T14:30:25.851Z","traceId":"19eb97ca-0c9c-4114-b4d5-966f76253888","url":"/api/bookmarks/status"}
{"context":"HTTP","duration":10,"level":"\u001b[32minfo\u001b[39m","message":"POST /api/bookmarks/status 200 10ms","method":"POST","statusCode":200,"timestamp":"2026-01-28T14:30:44.587Z","traceId":"05ed96ae-bb12-4e08-82a1-cc4018b1c418","url":"/api/bookmarks/status"}
{"context":"HTTP","duration":66,"level":"\u001b[32minfo\u001b[39m","message":"POST /api/bookmarks/status 200 66ms","method":"POST","statusCode":200,"timestamp":"2026-01-28T14:32:23.509Z","traceId":"63dbc29a-4c7f-4f79-9bbf-f507b7301bce","url":"/api/bookmarks/status"}
{"context":"HTTP","duration":21,"level":"\u001b[32minfo\u001b[39m","message":"POST /api/bookmarks/status 200 21ms","method":"POST","statusCode":200,"timestamp":"2026-01-28T14:32:23.543Z","traceId":"c0e049c7-fe3c-4c46-ae61-639020a34a1a","url":"/api/bookmarks/status"}
{"context":"HTTP","duration":18,"level":"\u001b[32minfo\u001b[39m","message":"POST /api/bookmarks/status 200 18ms","method":"POST","statusCode":200,"timestamp":"2026-01-28T14:37:31.244Z","traceId":"08f83190-e02e-4954-972a-fac82a3602b1","url":"/api/bookmarks/status"}
{"context":"HTTP","duration":16,"level":"\u001b[32minfo\u001b[39m","message":"POST /api/bookmarks/status 200 16ms","method":"POST","statusCode":200,"timestamp":"2026-01-28T14:37:31.272Z","traceId":"f02b7bfb-0dc2-475c-be9c-daa32939e247","url":"/api/bookmarks/status"}
{"context":"HTTP","duration":44,"level":"\u001b[32minfo\u001b[39m","message":"POST /api/bookmarks/status 200 44ms","method":"POST","statusCode":200,"timestamp":"2026-01-28T14:42:19.019Z","traceId":"4e292498-d0bb-4efb-802b-0001af061e7d","url":"/api/bookmarks/status"}
{"context":"HTTP","duration":9,"level":"\u001b[32minfo\u001b[39m","message":"POST /api/bookmarks/status 200 9ms","method":"POST","statusCode":200,"timestamp":"2026-01-28T14:42:19.047Z","traceId":"a22df91e-a579-458f-ac82-e7bc692b81ce","url":"/api/bookmarks/status"}
{"context":"HTTP","duration":114,"level":"\u001b[32minfo\u001b[39m","message":"POST /api/bookmarks/status 200 114ms","method":"POST","statusCode":200,"timestamp":"2026-01-28T14:43:33.781Z","traceId":"affa0f7a-a49d-4edb-a40a-1d7adb5b35b7","url":"/api/bookmarks/status"}
{"context":"HTTP","duration":161,"level":"\u001b[32minfo\u001b[39m","message":"POST /api/bookmarks/status 200 161ms","method":"POST","statusCode":200,"timestamp":"2026-01-28T14:43:33.889Z","traceId":"83455d20-ee4b-420f-9ecd-cdf73b7c1fe0","url":"/api/bookmarks/status"}
{"context":"HTTP","duration":12,"level":"\u001b[32minfo\u001b[39m","message":"POST /api/bookmarks/status 200 12ms","method":"POST","statusCode":200,"timestamp":"2026-01-28T14:47:16.366Z","traceId":"58708a59-3bd5-4160-936d-5608042fc01b","url":"/api/bookmarks/status"}
{"context":"HTTP","duration":9,"level":"\u001b[32minfo\u001b[39m","message":"POST /api/bookmarks/status 200 9ms","method":"POST","statusCode":200,"timestamp":"2026-01-28T14:47:18.451Z","traceId":"7f4c94a0-0fab-4c71-9c73-ae4e83cc2225","url":"/api/bookmarks/status"}
{"context":"HTTP","duration":9,"level":"\u001b[32minfo\u001b[39m","message":"POST /api/bookmarks/status 200 9ms","method":"POST","statusCode":200,"timestamp":"2026-01-28T14:48:03.703Z","traceId":"c9aea24d-f9f8-474d-afee-957f164e992a","url":"/api/bookmarks/status"}
{"context":"HTTP","duration":27,"level":"\u001b[32minfo\u001b[39m","message":"POST /api/bookmarks/status 200 27ms","method":"POST","statusCode":200,"timestamp":"2026-01-28T14:54:13.120Z","traceId":"8b140022-3214-45ce-b573-9719ca2c6792","url":"/api/bookmarks/status"}
{"context":"HTTP","duration":32,"level":"\u001b[32minfo\u001b[39m","message":"POST /api/bookmarks/status 200 32ms","method":"POST","statusCode":200,"timestamp":"2026-01-28T14:54:13.130Z","traceId":"dd546e06-c62f-4bc6-a6aa-c3d92dad6669","url":"/api/bookmarks/status"}
{"context":"HTTP","duration":14,"level":"\u001b[32minfo\u001b[39m","message":"POST /api/bookmarks/status 200 14ms","method":"POST","statusCode":200,"timestamp":"2026-01-28T14:55:39.638Z","traceId":"c014e749-cb2e-45cb-bb5b-16b195681252","url":"/api/bookmarks/status"}
{"context":"HTTP","duration":32,"level":"\u001b[32minfo\u001b[39m","message":"POST /api/bookmarks/status 200 32ms","method":"POST","statusCode":200,"timestamp":"2026-01-28T14:55:43.425Z","traceId":"eafd6812-d657-4630-bec5-ea9a5b9e0259","url":"/api/bookmarks/status"}
{"context":"HTTP","duration":13,"level":"\u001b[32minfo\u001b[39m","message":"POST /api/bookmarks/status 200 13ms","method":"POST","statusCode":200,"timestamp":"2026-01-28T14:59:51.130Z","traceId":"d01a3a6a-a364-4094-86b9-3ca76cdb3af0","url":"/api/bookmarks/status"}
{"context":"HTTP","duration":4,"level":"\u001b[32minfo\u001b[39m","message":"POST /api/bookmarks/status 200 4ms","method":"POST","statusCode":200,"timestamp":"2026-01-28T15:00:12.132Z","traceId":"5fb5985f-b7d6-41d2-8eaf-8239c11f0a4f","url":"/api/bookmarks/status"}
{"context":"HTTP","duration":38,"level":"\u001b[32minfo\u001b[39m","message":"POST /api/bookmarks/status 200 38ms","method":"POST","statusCode":200,"timestamp":"2026-01-28T15:09:24.371Z","traceId":"c96e74c6-0a72-4bdc-8836-ec13be6ff905","url":"/api/bookmarks/status"}
